[debug] [2026-05-07T03:23:37.064Z] ----------------------------------------------------------------------
[debug] [2026-05-07T03:23:37.066Z] Command:       C:\Program Files\nodejs\node.exe C:\Users\iwing\AppData\Roaming\npm\node_modules\firebase-tools\lib\bin\firebase.js deploy --only functions
[debug] [2026-05-07T03:23:37.067Z] CLI Version:   15.6.0
[debug] [2026-05-07T03:23:37.067Z] Platform:      win32
[debug] [2026-05-07T03:23:37.067Z] Node Version:  v24.11.1
[debug] [2026-05-07T03:23:37.067Z] Time:          Thu May 07 2026 12:23:37 GMT+0900 (대한민국 표준시)
[debug] [2026-05-07T03:23:37.067Z] ----------------------------------------------------------------------
[debug] 
[debug] [2026-05-07T03:23:39.141Z] > command requires scopes: ["email","openid","https://www.googleapis.com/auth/cloudplatformprojects.readonly","https://www.googleapis.com/auth/firebase","https://www.googleapis.com/auth/cloud-platform"]
[debug] [2026-05-07T03:23:39.141Z] > authorizing via signed-in user (joonkiehong@gmail.com)
[debug] [2026-05-07T03:23:39.141Z] [iam] checking project my-trip-pro for permissions ["cloudfunctions.functions.create","cloudfunctions.functions.delete","cloudfunctions.functions.get","cloudfunctions.functions.list","cloudfunctions.functions.update","cloudfunctions.operations.get","firebase.projects.get"]
[debug] [2026-05-07T03:23:39.142Z] Checked if tokens are valid: true, expires at: 1778126768003
[debug] [2026-05-07T03:23:39.142Z] Checked if tokens are valid: true, expires at: 1778126768003
[debug] [2026-05-07T03:23:39.143Z] >>> [apiv2][query] POST https://cloudresourcemanager.googleapis.com/v1/projects/my-trip-pro:testIamPermissions [none]
[debug] [2026-05-07T03:23:39.143Z] >>> [apiv2][(partial)header] POST https://cloudresourcemanager.googleapis.com/v1/projects/my-trip-pro:testIamPermissions  x-goog-user-project=my-trip-pro
[debug] [2026-05-07T03:23:39.143Z] >>> [apiv2][body] POST https://cloudresourcemanager.googleapis.com/v1/projects/my-trip-pro:testIamPermissions {"permissions":["cloudfunctions.functions.create","cloudfunctions.functions.delete","cloudfunctions.functions.get","cloudfunctions.functions.list","cloudfunctions.functions.update","cloudfunctions.operations.get","firebase.projects.get"]}
[debug] [2026-05-07T03:23:39.429Z] <<< [apiv2][status] POST https://cloudresourcemanager.googleapis.com/v1/projects/my-trip-pro:testIamPermissions 200
[debug] [2026-05-07T03:23:39.429Z] <<< [apiv2][body] POST https://cloudresourcemanager.googleapis.com/v1/projects/my-trip-pro:testIamPermissions {"permissions":["cloudfunctions.functions.create","cloudfunctions.functions.delete","cloudfunctions.functions.get","cloudfunctions.functions.list","cloudfunctions.functions.update","cloudfunctions.operations.get","firebase.projects.get"]}
[debug] [2026-05-07T03:23:39.429Z] Checked if tokens are valid: true, expires at: 1778126768003
[debug] [2026-05-07T03:23:39.429Z] Checked if tokens are valid: true, expires at: 1778126768003
[debug] [2026-05-07T03:23:39.429Z] >>> [apiv2][query] POST https://iam.googleapis.com/v1/projects/my-trip-pro/serviceAccounts/my-trip-pro@appspot.gserviceaccount.com:testIamPermissions [none]
[debug] [2026-05-07T03:23:39.429Z] >>> [apiv2][body] POST https://iam.googleapis.com/v1/projects/my-trip-pro/serviceAccounts/my-trip-pro@appspot.gserviceaccount.com:testIamPermissions {"permissions":["iam.serviceAccounts.actAs"]}
[debug] [2026-05-07T03:23:40.526Z] <<< [apiv2][status] POST https://iam.googleapis.com/v1/projects/my-trip-pro/serviceAccounts/my-trip-pro@appspot.gserviceaccount.com:testIamPermissions 200
[debug] [2026-05-07T03:23:40.526Z] <<< [apiv2][body] POST https://iam.googleapis.com/v1/projects/my-trip-pro/serviceAccounts/my-trip-pro@appspot.gserviceaccount.com:testIamPermissions {"permissions":["iam.serviceAccounts.actAs"]}
[info] 
[info] === Deploying to 'my-trip-pro'...
[info] 
[info] i  deploying functions 
[debug] [2026-05-07T03:23:40.529Z] Checked if tokens are valid: true, expires at: 1778126768003
[debug] [2026-05-07T03:23:40.529Z] Checked if tokens are valid: true, expires at: 1778126768003
[debug] [2026-05-07T03:23:40.529Z] >>> [apiv2][query] GET https://cloudresourcemanager.googleapis.com/v1/projects/my-trip-pro [none]
[debug] [2026-05-07T03:23:40.726Z] <<< [apiv2][status] GET https://cloudresourcemanager.googleapis.com/v1/projects/my-trip-pro 200
[debug] [2026-05-07T03:23:40.726Z] <<< [apiv2][body] GET https://cloudresourcemanager.googleapis.com/v1/projects/my-trip-pro {"projectNumber":"817442711390","projectId":"my-trip-pro","lifecycleState":"ACTIVE","name":"Trip Maker","labels":{"firebase":"enabled","firebase-core":"disabled"},"createTime":"2025-12-19T05:03:46.701871Z"}
[info] i  functions: preparing codebase default for deployment 
[info] i  functions: ensuring required API cloudfunctions.googleapis.com is enabled... 
[info] i  functions: ensuring required API cloudbuild.googleapis.com is enabled... 
[info] i  artifactregistry: ensuring required API artifactregistry.googleapis.com is enabled... 
[debug] [2026-05-07T03:23:40.729Z] Checked if tokens are valid: true, expires at: 1778126768003
[debug] [2026-05-07T03:23:40.729Z] Checked if tokens are valid: true, expires at: 1778126768003
[debug] [2026-05-07T03:23:40.729Z] >>> [apiv2][query] GET https://firebase.googleapis.com/v1beta1/projects/my-trip-pro/adminSdkConfig [none]
[debug] [2026-05-07T03:23:41.733Z] <<< [apiv2][status] GET https://firebase.googleapis.com/v1beta1/projects/my-trip-pro/adminSdkConfig 200
[debug] [2026-05-07T03:23:41.733Z] <<< [apiv2][body] GET https://firebase.googleapis.com/v1beta1/projects/my-trip-pro/adminSdkConfig {"projectId":"my-trip-pro","storageBucket":"my-trip-pro.firebasestorage.app"}
[debug] [2026-05-07T03:23:41.734Z] Checked if tokens are valid: true, expires at: 1778126768003
[debug] [2026-05-07T03:23:41.734Z] Checked if tokens are valid: true, expires at: 1778126768003
[debug] [2026-05-07T03:23:41.734Z] >>> [apiv2][query] GET https://runtimeconfig.googleapis.com/v1beta1/projects/my-trip-pro/configs [none]
[debug] [2026-05-07T03:23:42.334Z] <<< [apiv2][status] GET https://runtimeconfig.googleapis.com/v1beta1/projects/my-trip-pro/configs 200
[debug] [2026-05-07T03:23:42.334Z] <<< [apiv2][body] GET https://runtimeconfig.googleapis.com/v1beta1/projects/my-trip-pro/configs {}
[debug] [2026-05-07T03:23:42.336Z] Validating nodejs source
[debug] [2026-05-07T03:23:43.341Z] > [functions] package.json contents: {
  "name": "functions",
  "scripts": {
    "lint": "eslint --ext .js,.ts .",
    "build": "tsc",
    "build:watch": "tsc --watch",
    "serve": "npm run build && firebase emulators:start --only functions,firestore,pubsub",
    "shell": "npm run build && firebase functions:shell",
    "start": "npm run shell",
    "dev": "npm run serve",
    "deploy": "firebase deploy --only functions",
    "logs": "firebase functions:log"
  },
  "engines": {
    "node": "24"
  },
  "main": "lib/index.js",
  "dependencies": {
    "express": "^4.22.1",
    "firebase-admin": "^13.8.0",
    "firebase-functions": "^7.2.5",
    "genkit": "^1.28.0"
  },
  "devDependencies": {
    "@typescript-eslint/eslint-plugin": "^5.12.0",
    "@typescript-eslint/parser": "^5.12.0",
    "eslint": "^8.9.0",
    "eslint-config-google": "^0.14.0",
    "eslint-plugin-import": "^2.25.4",
    "firebase-functions-test": "^3.4.1",
    "tsx": "^4.21.0",
    "typescript": "^5.9.3"
  },
  "private": true
}
[debug] [2026-05-07T03:23:43.341Z] Building nodejs source
[info] i  functions: Loading and analyzing source code for codebase default to determine what to deploy 
[debug] [2026-05-07T03:23:43.342Z] Could not find functions.yaml. Must use http discovery
[debug] [2026-05-07T03:23:43.350Z] Found firebase-functions binary at 'C:\Users\iwing\.antigravity\mytrip-final\functions\node_modules\.bin\firebase-functions'
[info] Serving at port 8986

[debug] [2026-05-07T03:23:44.166Z] Got response from /__/functions.yaml {"endpoints":{"sendDailyDDayPush":{"availableMemoryMb":null,"timeoutSeconds":null,"minInstances":null,"maxInstances":10,"ingressSettings":null,"concurrency":null,"serviceAccountEmail":null,"vpc":null,"platform":"gcfv2","labels":{},"scheduleTrigger":{"schedule":"0 * * * *","retryConfig":{"retryCount":null,"maxDoublings":null,"maxRetrySeconds":null,"minBackoffSeconds":null,"maxBackoffSeconds":null},"timeZone":null},"entryPoint":"sendDailyDDayPush"}},"specVersion":"v1alpha1","requiredAPIs":[{"api":"cloudscheduler.googleapis.com","reason":"Needed for scheduled functions."}],"extensions":{}}
[info] i  extensions: ensuring required API firebaseextensions.googleapis.com is enabled... 
[debug] [2026-05-07T03:23:48.197Z] > command requires scopes: ["email","openid","https://www.googleapis.com/auth/cloudplatformprojects.readonly","https://www.googleapis.com/auth/firebase","https://www.googleapis.com/auth/cloud-platform"]
[debug] [2026-05-07T03:23:48.197Z] > authorizing via signed-in user (joonkiehong@gmail.com)
[debug] [2026-05-07T03:23:48.197Z] [iam] checking project my-trip-pro for permissions ["firebase.projects.get","firebaseextensions.instances.list"]
[debug] [2026-05-07T03:23:48.197Z] Checked if tokens are valid: true, expires at: 1778126768003
[debug] [2026-05-07T03:23:48.197Z] Checked if tokens are valid: true, expires at: 1778126768003
[debug] [2026-05-07T03:23:48.197Z] >>> [apiv2][query] POST https://cloudresourcemanager.googleapis.com/v1/projects/my-trip-pro:testIamPermissions [none]
[debug] [2026-05-07T03:23:48.197Z] >>> [apiv2][(partial)header] POST https://cloudresourcemanager.googleapis.com/v1/projects/my-trip-pro:testIamPermissions  x-goog-user-project=my-trip-pro
[debug] [2026-05-07T03:23:48.197Z] >>> [apiv2][body] POST https://cloudresourcemanager.googleapis.com/v1/projects/my-trip-pro:testIamPermissions {"permissions":["firebase.projects.get","firebaseextensions.instances.list"]}
[debug] [2026-05-07T03:23:48.407Z] <<< [apiv2][status] POST https://cloudresourcemanager.googleapis.com/v1/projects/my-trip-pro:testIamPermissions 200
[debug] [2026-05-07T03:23:48.408Z] <<< [apiv2][body] POST https://cloudresourcemanager.googleapis.com/v1/projects/my-trip-pro:testIamPermissions {"permissions":["firebase.projects.get","firebaseextensions.instances.list"]}
[debug] [2026-05-07T03:23:48.408Z] Checked if tokens are valid: true, expires at: 1778126768003
[debug] [2026-05-07T03:23:48.408Z] Checked if tokens are valid: true, expires at: 1778126768003
[debug] [2026-05-07T03:23:48.409Z] >>> [apiv2][query] GET https://firebaseextensions.googleapis.com/v1beta/projects/my-trip-pro/instances pageSize=100&pageToken=
[debug] [2026-05-07T03:23:49.412Z] <<< [apiv2][status] GET https://firebaseextensions.googleapis.com/v1beta/projects/my-trip-pro/instances 200
[debug] [2026-05-07T03:23:49.412Z] <<< [apiv2][body] GET https://firebaseextensions.googleapis.com/v1beta/projects/my-trip-pro/instances {}
[info] i  functions: preparing functions directory for uploading... 
[info] i  functions: packaged C:\Users\iwing\.antigravity\mytrip-final\functions (131.07 KB) for uploading 
[debug] [2026-05-07T03:23:49.469Z] Checked if tokens are valid: true, expires at: 1778126768003
[debug] [2026-05-07T03:23:49.469Z] Checked if tokens are valid: true, expires at: 1778126768003
[debug] [2026-05-07T03:23:49.469Z] >>> [apiv2][query] GET https://cloudfunctions.googleapis.com/v1/projects/my-trip-pro/locations/-/functions [none]
[debug] [2026-05-07T03:23:50.161Z] <<< [apiv2][status] GET https://cloudfunctions.googleapis.com/v1/projects/my-trip-pro/locations/-/functions 200
[debug] [2026-05-07T03:23:50.161Z] <<< [apiv2][body] GET https://cloudfunctions.googleapis.com/v1/projects/my-trip-pro/locations/-/functions {}
[debug] [2026-05-07T03:23:50.162Z] Checked if tokens are valid: true, expires at: 1778126768003
[debug] [2026-05-07T03:23:50.162Z] Checked if tokens are valid: true, expires at: 1778126768003
[debug] [2026-05-07T03:23:50.162Z] >>> [apiv2][query] GET https://cloudfunctions.googleapis.com/v2/projects/my-trip-pro/locations/-/functions filter=environment%3D%22GEN_2%22
[debug] [2026-05-07T03:23:51.614Z] <<< [apiv2][status] GET https://cloudfunctions.googleapis.com/v2/projects/my-trip-pro/locations/-/functions 200
[debug] [2026-05-07T03:23:51.614Z] <<< [apiv2][body] GET https://cloudfunctions.googleapis.com/v2/projects/my-trip-pro/locations/-/functions {"functions":[{"name":"projects/my-trip-pro/locations/us-central1/functions/sendDailyDDayPush","buildConfig":{"build":"projects/817442711390/locations/us-central1/builds/352625e6-706b-4b50-b841-447d88caa62f","runtime":"nodejs24","entryPoint":"sendDailyDDayPush","source":{"storageSource":{"bucket":"gcf-v2-sources-817442711390-us-central1","object":"sendDailyDDayPush/function-source.zip","generation":"1778123228281690"}},"environmentVariables":{"GOOGLE_NODE_RUN_SCRIPTS":""},"dockerRepository":"projects/my-trip-pro/locations/us-central1/repositories/gcf-artifacts","sourceProvenance":{"resolvedStorageSource":{"bucket":"gcf-v2-sources-817442711390-us-central1","object":"sendDailyDDayPush/function-source.zip","generation":"1778123228281690"}},"dockerRegistry":"ARTIFACT_REGISTRY","serviceAccount":"projects/my-trip-pro/serviceAccounts/817442711390-compute@developer.gserviceaccount.com","automaticUpdatePolicy":{}},"serviceConfig":{"service":"projects/my-trip-pro/locations/us-central1/services/senddailyddaypush","timeoutSeconds":60,"environmentVariables":{"FIREBASE_CONFIG":"{\"projectId\":\"my-trip-pro\",\"storageBucket\":\"my-trip-pro.firebasestorage.app\"}","GCLOUD_PROJECT":"my-trip-pro","EVENTARC_CLOUD_EVENT_SOURCE":"projects/my-trip-pro/locations/us-central1/services/sendDailyDDayPush","FUNCTION_TARGET":"sendDailyDDayPush","LOG_EXECUTION_ID":"true"},"maxInstanceCount":10,"ingressSettings":"ALLOW_ALL","uri":"https://senddailyddaypush-akomrfmywa-uc.a.run.app","serviceAccountEmail":"817442711390-compute@developer.gserviceaccount.com","availableMemory":"256Mi","allTrafficOnLatestRevision":true,"revision":"senddailyddaypush-00001-bib","maxInstanceRequestConcurrency":80,"availableCpu":"1"},"state":"ACTIVE","updateTime":"2026-05-07T03:09:08.921756934Z","labels":{"deployment-tool":"cli-firebase","deployment-scheduled":"true","firebase-functions-hash":"5fb5a321716697623e57388a676343a4bd3193f6"},"environment":"GEN_2","url":"https://us-central1-my-trip-pro.cloudfunctions.net/sendDailyDDayPush","createTime":"2026-05-07T03:07:08.586722168Z","satisfiesPzi":true}]}
[info] i  functions: ensuring required API cloudscheduler.googleapis.com is enabled... 
[info] i  functions: ensuring required API run.googleapis.com is enabled... 
[info] i  functions: ensuring required API eventarc.googleapis.com is enabled... 
[info] i  functions: ensuring required API pubsub.googleapis.com is enabled... 
[info] i  functions: ensuring required API storage.googleapis.com is enabled... 
[info] i  functions: generating the service identity for pubsub.googleapis.com... 
[debug] [2026-05-07T03:23:51.619Z] Checked if tokens are valid: true, expires at: 1778126768003
[debug] [2026-05-07T03:23:51.619Z] Checked if tokens are valid: true, expires at: 1778126768003
[info] i  functions: generating the service identity for eventarc.googleapis.com... 
[debug] [2026-05-07T03:23:51.619Z] Checked if tokens are valid: true, expires at: 1778126768003
[debug] [2026-05-07T03:23:51.619Z] Checked if tokens are valid: true, expires at: 1778126768003
[debug] [2026-05-07T03:23:51.619Z] >>> [apiv2][query] POST https://serviceusage.googleapis.com/v1beta1/projects/817442711390/services/pubsub.googleapis.com:generateServiceIdentity [none]
[debug] [2026-05-07T03:23:51.619Z] >>> [apiv2][(partial)header] POST https://serviceusage.googleapis.com/v1beta1/projects/817442711390/services/pubsub.googleapis.com:generateServiceIdentity  x-goog-user-project=817442711390
[debug] [2026-05-07T03:23:51.619Z] >>> [apiv2][body] POST https://serviceusage.googleapis.com/v1beta1/projects/817442711390/services/pubsub.googleapis.com:generateServiceIdentity {}
[debug] [2026-05-07T03:23:51.620Z] >>> [apiv2][query] POST https://serviceusage.googleapis.com/v1beta1/projects/817442711390/services/eventarc.googleapis.com:generateServiceIdentity [none]
[debug] [2026-05-07T03:23:51.620Z] >>> [apiv2][(partial)header] POST https://serviceusage.googleapis.com/v1beta1/projects/817442711390/services/eventarc.googleapis.com:generateServiceIdentity  x-goog-user-project=817442711390
[debug] [2026-05-07T03:23:51.620Z] >>> [apiv2][body] POST https://serviceusage.googleapis.com/v1beta1/projects/817442711390/services/eventarc.googleapis.com:generateServiceIdentity {}
[debug] [2026-05-07T03:23:52.923Z] <<< [apiv2][status] POST https://serviceusage.googleapis.com/v1beta1/projects/817442711390/services/pubsub.googleapis.com:generateServiceIdentity 200
[debug] [2026-05-07T03:23:52.923Z] <<< [apiv2][body] POST https://serviceusage.googleapis.com/v1beta1/projects/817442711390/services/pubsub.googleapis.com:generateServiceIdentity {"name":"operations/finished.DONE_OPERATION","done":true,"response":{"@type":"type.googleapis.com/google.api.serviceusage.v1beta1.ServiceIdentity","email":"service-817442711390@gcp-sa-pubsub.iam.gserviceaccount.com","uniqueId":"110330405121863846790"}}
[debug] [2026-05-07T03:23:52.978Z] <<< [apiv2][status] POST https://serviceusage.googleapis.com/v1beta1/projects/817442711390/services/eventarc.googleapis.com:generateServiceIdentity 200
[debug] [2026-05-07T03:23:52.979Z] <<< [apiv2][body] POST https://serviceusage.googleapis.com/v1beta1/projects/817442711390/services/eventarc.googleapis.com:generateServiceIdentity {"name":"operations/finished.DONE_OPERATION","done":true,"response":{"@type":"type.googleapis.com/google.api.serviceusage.v1beta1.ServiceIdentity","email":"service-817442711390@gcp-sa-eventarc.iam.gserviceaccount.com","uniqueId":"107382613586049350535"}}
[debug] [2026-05-07T03:23:52.980Z] Checked if tokens are valid: true, expires at: 1778126768003
[debug] [2026-05-07T03:23:52.980Z] Checked if tokens are valid: true, expires at: 1778126768003
[debug] [2026-05-07T03:23:52.980Z] >>> [apiv2][query] GET https://cloudresourcemanager.googleapis.com/v1/projects/my-trip-pro [none]
[debug] [2026-05-07T03:23:53.153Z] <<< [apiv2][status] GET https://cloudresourcemanager.googleapis.com/v1/projects/my-trip-pro 200
[debug] [2026-05-07T03:23:53.153Z] <<< [apiv2][body] GET https://cloudresourcemanager.googleapis.com/v1/projects/my-trip-pro {"projectNumber":"817442711390","projectId":"my-trip-pro","lifecycleState":"ACTIVE","name":"Trip Maker","labels":{"firebase":"enabled","firebase-core":"disabled"},"createTime":"2025-12-19T05:03:46.701871Z"}
[debug] [2026-05-07T03:23:53.154Z] Checked if tokens are valid: true, expires at: 1778126768003
[debug] [2026-05-07T03:23:53.154Z] Checked if tokens are valid: true, expires at: 1778126768003
[debug] [2026-05-07T03:23:53.154Z] >>> [apiv2][query] GET https://compute.googleapis.com/compute/v1/projects/817442711390 [none]
[debug] [2026-05-07T03:23:53.492Z] <<< [apiv2][status] GET https://compute.googleapis.com/compute/v1/projects/817442711390 403
[debug] [2026-05-07T03:23:53.492Z] <<< [apiv2][body] GET https://compute.googleapis.com/compute/v1/projects/817442711390 {"error":{"code":403,"message":"Compute Engine API has not been used in project 817442711390 before or it is disabled. Enable it by visiting https://console.developers.google.com/apis/api/compute.googleapis.com/overview?project=817442711390 then retry. If you enabled this API recently, wait a few minutes for the action to propagate to our systems and retry.","errors":[{"message":"Compute Engine API has not been used in project 817442711390 before or it is disabled. Enable it by visiting https://console.developers.google.com/apis/api/compute.googleapis.com/overview?project=817442711390 then retry. If you enabled this API recently, wait a few minutes for the action to propagate to our systems and retry.","domain":"usageLimits","reason":"accessNotConfigured","extendedHelp":"https://console.developers.google.com"}],"status":"PERMISSION_DENIED","details":[{"@type":"type.googleapis.com/google.rpc.ErrorInfo","reason":"SERVICE_DISABLED","domain":"googleapis.com","metadata":{"serviceTitle":"Compute Engine API","service":"compute.googleapis.com","activationUrl":"https://console.developers.google.com/apis/api/compute.googleapis.com/overview?project=817442711390","consumer":"projects/817442711390","containerInfo":"817442711390"}},{"@type":"type.googleapis.com/google.rpc.LocalizedMessage","locale":"en-US","message":"Compute Engine API has not been used in project 817442711390 before or it is disabled. Enable it by visiting https://console.developers.google.com/apis/api/compute.googleapis.com/overview?project=817442711390 then retry. If you enabled this API recently, wait a few minutes for the action to propagate to our systems and retry."},{"@type":"type.googleapis.com/google.rpc.Help","links":[{"description":"Google developers console API activation","url":"https://console.developers.google.com/apis/api/compute.googleapis.com/overview?project=817442711390"}]}]}}
[debug] [2026-05-07T03:23:53.493Z] unable to look up default compute service account. Falling back to 817442711390-compute@developer.gserviceaccount.com. Error: {"name":"FirebaseError","children":[],"context":{"body":{"error":{"code":403,"message":"Compute Engine API has not been used in project 817442711390 before or it is disabled. Enable it by visiting https://console.developers.google.com/apis/api/compute.googleapis.com/overview?project=817442711390 then retry. If you enabled this API recently, wait a few minutes for the action to propagate to our systems and retry.","errors":[{"message":"Compute Engine API has not been used in project 817442711390 before or it is disabled. Enable it by visiting https://console.developers.google.com/apis/api/compute.googleapis.com/overview?project=817442711390 then retry. If you enabled this API recently, wait a few minutes for the action to propagate to our systems and retry.","domain":"usageLimits","reason":"accessNotConfigured","extendedHelp":"https://console.developers.google.com"}],"status":"PERMISSION_DENIED","details":[{"@type":"type.googleapis.com/google.rpc.ErrorInfo","reason":"SERVICE_DISABLED","domain":"googleapis.com","metadata":{"serviceTitle":"Compute Engine API","service":"compute.googleapis.com","activationUrl":"https://console.developers.google.com/apis/api/compute.googleapis.com/overview?project=817442711390","consumer":"projects/817442711390","containerInfo":"817442711390"}},{"@type":"type.googleapis.com/google.rpc.LocalizedMessage","locale":"en-US","message":"Compute Engine API has not been used in project 817442711390 before or it is disabled. Enable it by visiting https://console.developers.google.com/apis/api/compute.googleapis.com/overview?project=817442711390 then retry. If you enabled this API recently, wait a few minutes for the action to propagate to our systems and retry."},{"@type":"type.googleapis.com/google.rpc.Help","links":[{"description":"Google developers console API activation","url":"https://console.developers.google.com/apis/api/compute.googleapis.com/overview?project=817442711390"}]}]}},"response":{"statusCode":403}},"exit":1,"message":"Request to https://compute.googleapis.com/compute/v1/projects/817442711390 had HTTP Error: 403, Compute Engine API has not been used in project 817442711390 before or it is disabled. Enable it by visiting https://console.developers.google.com/apis/api/compute.googleapis.com/overview?project=817442711390 then retry. If you enabled this API recently, wait a few minutes for the action to propagate to our systems and retry.","status":403}
[debug] [2026-05-07T03:23:53.493Z] Checked if tokens are valid: true, expires at: 1778126768003
[debug] [2026-05-07T03:23:53.493Z] Checked if tokens are valid: true, expires at: 1778126768003
[debug] [2026-05-07T03:23:53.493Z] >>> [apiv2][query] GET https://cloudbilling.googleapis.com/v1/projects/my-trip-pro/billingInfo [none]
[debug] [2026-05-07T03:23:54.711Z] <<< [apiv2][status] GET https://cloudbilling.googleapis.com/v1/projects/my-trip-pro/billingInfo 200
[debug] [2026-05-07T03:23:54.711Z] <<< [apiv2][body] GET https://cloudbilling.googleapis.com/v1/projects/my-trip-pro/billingInfo {"name":"projects/my-trip-pro/billingInfo","projectId":"my-trip-pro","billingAccountName":"billingAccounts/018CB3-59D8DC-D17D24","billingEnabled":true}
[debug] [2026-05-07T03:23:54.713Z] Checked if tokens are valid: true, expires at: 1778126768003
[debug] [2026-05-07T03:23:54.713Z] Checked if tokens are valid: true, expires at: 1778126768003
[debug] [2026-05-07T03:23:54.713Z] >>> [apiv2][query] POST https://cloudfunctions.googleapis.com/v2/projects/my-trip-pro/locations/us-central1/functions:generateUploadUrl [none]
[debug] [2026-05-07T03:23:55.847Z] <<< [apiv2][status] POST https://cloudfunctions.googleapis.com/v2/projects/my-trip-pro/locations/us-central1/functions:generateUploadUrl 200
[debug] [2026-05-07T03:23:55.847Z] <<< [apiv2][body] POST https://cloudfunctions.googleapis.com/v2/projects/my-trip-pro/locations/us-central1/functions:generateUploadUrl {"uploadUrl":"https://storage.googleapis.com/gcf-v2-uploads-817442711390.us-central1.cloudfunctions.appspot.com/939d2c45-507c-4ca4-bdcd-32f05a6a49c5.zip?GoogleAccessId=service-817442711390@gcf-admin-robot.iam.gserviceaccount.com&Expires=1778126036&Signature=sNixNms94vlmWjcSUKJNv3qMJPIToHgst7mYPEQU%2FMLm5eRQbm0FI4N75F3k4waszZxraOJtN12r%2FroFIbbZB84S4B1SAVXa5eLiUHmel8erpitt299LoRSGHlc5LSh2zlMGBDxOUgzenhlgIO9QZQsm%2FJD8pvC7%2BPn3Us%2BoG5IKYGyFBBMB2lq0AYtFZ43dc50AgNvyU5LFNTFgZ%2BMalQS21dOq2jT7lpKerFxY%2BCZlnDUoS0ZMO2i78TgE89XKQs490IOzisgJYmDls90n3oOrpMdzwRffvXWSNm9xKWUfJXKiUz1RonqPy67rInb4MP%2BPr6qUi%2BwkZf%2Fr%2BVR%2B6Q%3D%3D","storageSource":{"bucket":"gcf-v2-uploads-817442711390.us-central1.cloudfunctions.appspot.com","object":"939d2c45-507c-4ca4-bdcd-32f05a6a49c5.zip"}}
[debug] [2026-05-07T03:23:55.848Z] >>> [apiv2][query] PUT https://storage.googleapis.com/gcf-v2-uploads-817442711390.us-central1.cloudfunctions.appspot.com/939d2c45-507c-4ca4-bdcd-32f05a6a49c5.zip GoogleAccessId=service-817442711390%40gcf-admin-robot.iam.gserviceaccount.com&Expires=1778126036&Signature=sNixNms94vlmWjcSUKJNv3qMJPIToHgst7mYPEQU%2FMLm5eRQbm0FI4N75F3k4waszZxraOJtN12r%2FroFIbbZB84S4B1SAVXa5eLiUHmel8erpitt299LoRSGHlc5LSh2zlMGBDxOUgzenhlgIO9QZQsm%2FJD8pvC7%2BPn3Us%2BoG5IKYGyFBBMB2lq0AYtFZ43dc50AgNvyU5LFNTFgZ%2BMalQS21dOq2jT7lpKerFxY%2BCZlnDUoS0ZMO2i78TgE89XKQs490IOzisgJYmDls90n3oOrpMdzwRffvXWSNm9xKWUfJXKiUz1RonqPy67rInb4MP%2BPr6qUi%2BwkZf%2Fr%2BVR%2B6Q%3D%3D
[debug] [2026-05-07T03:23:55.848Z] >>> [apiv2][body] PUT https://storage.googleapis.com/gcf-v2-uploads-817442711390.us-central1.cloudfunctions.appspot.com/939d2c45-507c-4ca4-bdcd-32f05a6a49c5.zip [stream]
[debug] [2026-05-07T03:23:56.747Z] <<< [apiv2][status] PUT https://storage.googleapis.com/gcf-v2-uploads-817442711390.us-central1.cloudfunctions.appspot.com/939d2c45-507c-4ca4-bdcd-32f05a6a49c5.zip 200
[debug] [2026-05-07T03:23:56.747Z] <<< [apiv2][body] PUT https://storage.googleapis.com/gcf-v2-uploads-817442711390.us-central1.cloudfunctions.appspot.com/939d2c45-507c-4ca4-bdcd-32f05a6a49c5.zip [omitted]
[info] +  functions: functions source uploaded successfully 
[info] i  functions: updating Node.js 24 (2nd Gen) function sendDailyDDayPush(us-central1)... 
[debug] [2026-05-07T03:23:56.752Z] Checked if tokens are valid: true, expires at: 1778126768003
[debug] [2026-05-07T03:23:56.752Z] Checked if tokens are valid: true, expires at: 1778126768003
[debug] [2026-05-07T03:23:56.752Z] >>> [apiv2][query] PATCH https://cloudfunctions.googleapis.com/v2/projects/my-trip-pro/locations/us-central1/functions/sendDailyDDayPush updateMask=name%2CbuildConfig.runtime%2CbuildConfig.entryPoint%2CbuildConfig.source.storageSource.bucket%2CbuildConfig.source.storageSource.object%2CbuildConfig.environmentVariables%2CbuildConfig.sourceToken%2CserviceConfig.environmentVariables%2CserviceConfig.ingressSettings%2CserviceConfig.timeoutSeconds%2CserviceConfig.serviceAccountEmail%2CserviceConfig.availableMemory%2CserviceConfig.minInstanceCount%2CserviceConfig.maxInstanceCount%2CserviceConfig.maxInstanceRequestConcurrency%2CserviceConfig.availableCpu%2CserviceConfig.vpcConnector%2CserviceConfig.vpcConnectorEgressSettings%2Clabels
[debug] [2026-05-07T03:23:56.752Z] >>> [apiv2][body] PATCH https://cloudfunctions.googleapis.com/v2/projects/my-trip-pro/locations/us-central1/functions/sendDailyDDayPush {"name":"projects/my-trip-pro/locations/us-central1/functions/sendDailyDDayPush","buildConfig":{"runtime":"nodejs24","entryPoint":"sendDailyDDayPush","source":{"storageSource":{"bucket":"gcf-v2-uploads-817442711390.us-central1.cloudfunctions.appspot.com","object":"939d2c45-507c-4ca4-bdcd-32f05a6a49c5.zip"}},"environmentVariables":{"GOOGLE_NODE_RUN_SCRIPTS":""}},"serviceConfig":{"environmentVariables":{"FIREBASE_CONFIG":"{\"projectId\":\"my-trip-pro\",\"storageBucket\":\"my-trip-pro.firebasestorage.app\"}","GCLOUD_PROJECT":"my-trip-pro","EVENTARC_CLOUD_EVENT_SOURCE":"projects/my-trip-pro/locations/us-central1/services/sendDailyDDayPush","FUNCTION_TARGET":"sendDailyDDayPush","LOG_EXECUTION_ID":"true"},"ingressSettings":null,"timeoutSeconds":null,"serviceAccountEmail":null,"availableMemory":"256Mi","minInstanceCount":null,"maxInstanceCount":10,"maxInstanceRequestConcurrency":80,"availableCpu":"1","vpcConnector":null,"vpcConnectorEgressSettings":null},"labels":{"deployment-tool":"cli-firebase","deployment-scheduled":"true","firebase-functions-hash":"fa204af196e62b58644940bced8cc6801ccae7be"}}
[debug] [2026-05-07T03:23:58.643Z] <<< [apiv2][status] PATCH https://cloudfunctions.googleapis.com/v2/projects/my-trip-pro/locations/us-central1/functions/sendDailyDDayPush 200
[debug] [2026-05-07T03:23:58.643Z] <<< [apiv2][body] PATCH https://cloudfunctions.googleapis.com/v2/projects/my-trip-pro/locations/us-central1/functions/sendDailyDDayPush {"name":"projects/my-trip-pro/locations/us-central1/operations/operation-1778124238116-65131cf9457e4-54ec039a-d4e04608","metadata":{"@type":"type.googleapis.com/google.cloud.functions.v2.OperationMetadata","createTime":"2026-05-07T03:23:58.853814504Z","target":"projects/my-trip-pro/locations/us-central1/functions/sendDailyDDayPush","verb":"update","cancelRequested":false,"apiVersion":"v2"},"done":false}
[debug] [2026-05-07T03:23:58.644Z] Checked if tokens are valid: true, expires at: 1778126768003
[debug] [2026-05-07T03:23:58.644Z] Checked if tokens are valid: true, expires at: 1778126768003
[debug] [2026-05-07T03:23:58.644Z] >>> [apiv2][query] GET https://cloudfunctions.googleapis.com/v2/projects/my-trip-pro/locations/us-central1/operations/operation-1778124238116-65131cf9457e4-54ec039a-d4e04608 [none]
[debug] [2026-05-07T03:23:59.787Z] <<< [apiv2][status] GET https://cloudfunctions.googleapis.com/v2/projects/my-trip-pro/locations/us-central1/operations/operation-1778124238116-65131cf9457e4-54ec039a-d4e04608 200
[debug] [2026-05-07T03:23:59.787Z] <<< [apiv2][body] GET https://cloudfunctions.googleapis.com/v2/projects/my-trip-pro/locations/us-central1/operations/operation-1778124238116-65131cf9457e4-54ec039a-d4e04608 {"name":"projects/my-trip-pro/locations/us-central1/operations/operation-1778124238116-65131cf9457e4-54ec039a-d4e04608","metadata":{"@type":"type.googleapis.com/google.cloud.functions.v2.OperationMetadata","createTime":"2026-05-07T03:23:58.853814504Z","target":"projects/my-trip-pro/locations/us-central1/functions/sendDailyDDayPush","verb":"update","cancelRequested":false,"apiVersion":"v2","requestResource":{"@type":"type.googleapis.com/google.cloud.functions.v2.Function","name":"projects/my-trip-pro/locations/us-central1/functions/sendDailyDDayPush","buildConfig":{"runtime":"nodejs24","entryPoint":"sendDailyDDayPush","source":{"storageSource":{"bucket":"gcf-v2-sources-817442711390-us-central1","object":"sendDailyDDayPush/function-source.zip","generation":"1778124238807903"}},"environmentVariables":{"GOOGLE_NODE_RUN_SCRIPTS":""},"dockerRepository":"projects/my-trip-pro/locations/us-central1/repositories/gcf-artifacts","sourceProvenance":{"resolvedStorageSource":{"bucket":"gcf-v2-sources-817442711390-us-central1","object":"sendDailyDDayPush/function-source.zip","generation":"1778123228281690"}},"dockerRegistry":"ARTIFACT_REGISTRY","serviceAccount":"projects/my-trip-pro/serviceAccounts/817442711390-compute@developer.gserviceaccount.com","automaticUpdatePolicy":{}},"serviceConfig":{"service":"projects/my-trip-pro/locations/us-central1/services/senddailyddaypush","timeoutSeconds":60,"environmentVariables":{"FIREBASE_CONFIG":"{\"projectId\":\"my-trip-pro\",\"storageBucket\":\"my-trip-pro.firebasestorage.app\"}","GCLOUD_PROJECT":"my-trip-pro","EVENTARC_CLOUD_EVENT_SOURCE":"projects/my-trip-pro/locations/us-central1/services/sendDailyDDayPush","FUNCTION_TARGET":"sendDailyDDayPush","LOG_EXECUTION_ID":"true"},"maxInstanceCount":10,"ingressSettings":"ALLOW_ALL","uri":"https://senddailyddaypush-akomrfmywa-uc.a.run.app","serviceAccountEmail":"817442711390-compute@developer.gserviceaccount.com","availableMemory":"256Mi","allTrafficOnLatestRevision":true,"revision":"senddailyddaypush-00001-bib","maxInstanceRequestConcurrency":80,"availableCpu":"1"},"state":"ACTIVE","labels":{"deployment-tool":"cli-firebase","deployment-scheduled":"true","firebase-functions-hash":"fa204af196e62b58644940bced8cc6801ccae7be"},"environment":"GEN_2","url":"https://us-central1-my-trip-pro.cloudfunctions.net/sendDailyDDayPush","satisfiesPzi":true},"stages":[{"name":"BUILD","message":"Build in progress","state":"IN_PROGRESS","resource":"projects/817442711390/locations/us-central1/builds/441da50f-be3f-4f34-bbb7-b7801a70ddd5","resourceUri":"https://console.cloud.google.com/cloud-build/builds;region=us-central1/441da50f-be3f-4f34-bbb7-b7801a70ddd5?project=817442711390"},{"name":"SERVICE","state":"NOT_STARTED"}],"operationType":"UPDATE_FUNCTION","buildName":"projects/817442711390/locations/us-central1/builds/441da50f-be3f-4f34-bbb7-b7801a70ddd5"},"done":false}
[debug] [2026-05-07T03:24:00.296Z] [update-default-us-central1-sendDailyDDayPush] Retrying task index 0
[debug] [2026-05-07T03:24:00.297Z] Checked if tokens are valid: true, expires at: 1778126768003
[debug] [2026-05-07T03:24:00.297Z] Checked if tokens are valid: true, expires at: 1778126768003
[debug] [2026-05-07T03:24:00.297Z] >>> [apiv2][query] GET https://cloudfunctions.googleapis.com/v2/projects/my-trip-pro/locations/us-central1/operations/operation-1778124238116-65131cf9457e4-54ec039a-d4e04608 [none]
[debug] [2026-05-07T03:24:01.363Z] <<< [apiv2][status] GET https://cloudfunctions.googleapis.com/v2/projects/my-trip-pro/locations/us-central1/operations/operation-1778124238116-65131cf9457e4-54ec039a-d4e04608 200
[debug] [2026-05-07T03:24:01.363Z] <<< [apiv2][body] GET https://cloudfunctions.googleapis.com/v2/projects/my-trip-pro/locations/us-central1/operations/operation-1778124238116-65131cf9457e4-54ec039a-d4e04608 {"name":"projects/my-trip-pro/locations/us-central1/operations/operation-1778124238116-65131cf9457e4-54ec039a-d4e04608","metadata":{"@type":"type.googleapis.com/google.cloud.functions.v2.OperationMetadata","createTime":"2026-05-07T03:23:58.853814504Z","target":"projects/my-trip-pro/locations/us-central1/functions/sendDailyDDayPush","verb":"update","cancelRequested":false,"apiVersion":"v2","requestResource":{"@type":"type.googleapis.com/google.cloud.functions.v2.Function","name":"projects/my-trip-pro/locations/us-central1/functions/sendDailyDDayPush","buildConfig":{"runtime":"nodejs24","entryPoint":"sendDailyDDayPush","source":{"storageSource":{"bucket":"gcf-v2-sources-817442711390-us-central1","object":"sendDailyDDayPush/function-source.zip","generation":"1778124238807903"}},"environmentVariables":{"GOOGLE_NODE_RUN_SCRIPTS":""},"dockerRepository":"projects/my-trip-pro/locations/us-central1/repositories/gcf-artifacts","sourceProvenance":{"resolvedStorageSource":{"bucket":"gcf-v2-sources-817442711390-us-central1","object":"sendDailyDDayPush/function-source.zip","generation":"1778123228281690"}},"dockerRegistry":"ARTIFACT_REGISTRY","serviceAccount":"projects/my-trip-pro/serviceAccounts/817442711390-compute@developer.gserviceaccount.com","automaticUpdatePolicy":{}},"serviceConfig":{"service":"projects/my-trip-pro/locations/us-central1/services/senddailyddaypush","timeoutSeconds":60,"environmentVariables":{"FIREBASE_CONFIG":"{\"projectId\":\"my-trip-pro\",\"storageBucket\":\"my-trip-pro.firebasestorage.app\"}","GCLOUD_PROJECT":"my-trip-pro","EVENTARC_CLOUD_EVENT_SOURCE":"projects/my-trip-pro/locations/us-central1/services/sendDailyDDayPush","FUNCTION_TARGET":"sendDailyDDayPush","LOG_EXECUTION_ID":"true"},"maxInstanceCount":10,"ingressSettings":"ALLOW_ALL","uri":"https://senddailyddaypush-akomrfmywa-uc.a.run.app","serviceAccountEmail":"817442711390-compute@developer.gserviceaccount.com","availableMemory":"256Mi","allTrafficOnLatestRevision":true,"revision":"senddailyddaypush-00001-bib","maxInstanceRequestConcurrency":80,"availableCpu":"1"},"state":"ACTIVE","labels":{"deployment-tool":"cli-firebase","deployment-scheduled":"true","firebase-functions-hash":"fa204af196e62b58644940bced8cc6801ccae7be"},"environment":"GEN_2","url":"https://us-central1-my-trip-pro.cloudfunctions.net/sendDailyDDayPush","satisfiesPzi":true},"stages":[{"name":"BUILD","message":"Build in progress","state":"IN_PROGRESS","resource":"projects/817442711390/locations/us-central1/builds/441da50f-be3f-4f34-bbb7-b7801a70ddd5","resourceUri":"https://console.cloud.google.com/cloud-build/builds;region=us-central1/441da50f-be3f-4f34-bbb7-b7801a70ddd5?project=817442711390"},{"name":"SERVICE","state":"NOT_STARTED"}],"operationType":"UPDATE_FUNCTION","buildName":"projects/817442711390/locations/us-central1/builds/441da50f-be3f-4f34-bbb7-b7801a70ddd5"},"done":false}
[debug] [2026-05-07T03:24:02.369Z] [update-default-us-central1-sendDailyDDayPush] Retrying task index 0
[debug] [2026-05-07T03:24:02.370Z] Checked if tokens are valid: true, expires at: 1778126768003
[debug] [2026-05-07T03:24:02.370Z] Checked if tokens are valid: true, expires at: 1778126768003
[debug] [2026-05-07T03:24:02.370Z] >>> [apiv2][query] GET https://cloudfunctions.googleapis.com/v2/projects/my-trip-pro/locations/us-central1/operations/operation-1778124238116-65131cf9457e4-54ec039a-d4e04608 [none]
[debug] [2026-05-07T03:24:03.413Z] <<< [apiv2][status] GET https://cloudfunctions.googleapis.com/v2/projects/my-trip-pro/locations/us-central1/operations/operation-1778124238116-65131cf9457e4-54ec039a-d4e04608 200
[debug] [2026-05-07T03:24:03.413Z] <<< [apiv2][body] GET https://cloudfunctions.googleapis.com/v2/projects/my-trip-pro/locations/us-central1/operations/operation-1778124238116-65131cf9457e4-54ec039a-d4e04608 {"name":"projects/my-trip-pro/locations/us-central1/operations/operation-1778124238116-65131cf9457e4-54ec039a-d4e04608","metadata":{"@type":"type.googleapis.com/google.cloud.functions.v2.OperationMetadata","createTime":"2026-05-07T03:23:58.853814504Z","target":"projects/my-trip-pro/locations/us-central1/functions/sendDailyDDayPush","verb":"update","cancelRequested":false,"apiVersion":"v2","requestResource":{"@type":"type.googleapis.com/google.cloud.functions.v2.Function","name":"projects/my-trip-pro/locations/us-central1/functions/sendDailyDDayPush","buildConfig":{"runtime":"nodejs24","entryPoint":"sendDailyDDayPush","source":{"storageSource":{"bucket":"gcf-v2-sources-817442711390-us-central1","object":"sendDailyDDayPush/function-source.zip","generation":"1778124238807903"}},"environmentVariables":{"GOOGLE_NODE_RUN_SCRIPTS":""},"dockerRepository":"projects/my-trip-pro/locations/us-central1/repositories/gcf-artifacts","sourceProvenance":{"resolvedStorageSource":{"bucket":"gcf-v2-sources-817442711390-us-central1","object":"sendDailyDDayPush/function-source.zip","generation":"1778123228281690"}},"dockerRegistry":"ARTIFACT_REGISTRY","serviceAccount":"projects/my-trip-pro/serviceAccounts/817442711390-compute@developer.gserviceaccount.com","automaticUpdatePolicy":{}},"serviceConfig":{"service":"projects/my-trip-pro/locations/us-central1/services/senddailyddaypush","timeoutSeconds":60,"environmentVariables":{"FIREBASE_CONFIG":"{\"projectId\":\"my-trip-pro\",\"storageBucket\":\"my-trip-pro.firebasestorage.app\"}","GCLOUD_PROJECT":"my-trip-pro","EVENTARC_CLOUD_EVENT_SOURCE":"projects/my-trip-pro/locations/us-central1/services/sendDailyDDayPush","FUNCTION_TARGET":"sendDailyDDayPush","LOG_EXECUTION_ID":"true"},"maxInstanceCount":10,"ingressSettings":"ALLOW_ALL","uri":"https://senddailyddaypush-akomrfmywa-uc.a.run.app","serviceAccountEmail":"817442711390-compute@developer.gserviceaccount.com","availableMemory":"256Mi","allTrafficOnLatestRevision":true,"revision":"senddailyddaypush-00001-bib","maxInstanceRequestConcurrency":80,"availableCpu":"1"},"state":"ACTIVE","labels":{"deployment-tool":"cli-firebase","deployment-scheduled":"true","firebase-functions-hash":"fa204af196e62b58644940bced8cc6801ccae7be"},"environment":"GEN_2","url":"https://us-central1-my-trip-pro.cloudfunctions.net/sendDailyDDayPush","satisfiesPzi":true},"stages":[{"name":"BUILD","message":"Build in progress","state":"IN_PROGRESS","resource":"projects/817442711390/locations/us-central1/builds/441da50f-be3f-4f34-bbb7-b7801a70ddd5","resourceUri":"https://console.cloud.google.com/cloud-build/builds;region=us-central1/441da50f-be3f-4f34-bbb7-b7801a70ddd5?project=817442711390"},{"name":"SERVICE","state":"NOT_STARTED"}],"operationType":"UPDATE_FUNCTION","buildName":"projects/817442711390/locations/us-central1/builds/441da50f-be3f-4f34-bbb7-b7801a70ddd5"},"done":false}
[debug] [2026-05-07T03:24:05.423Z] [update-default-us-central1-sendDailyDDayPush] Retrying task index 0
[debug] [2026-05-07T03:24:05.424Z] Checked if tokens are valid: true, expires at: 1778126768003
[debug] [2026-05-07T03:24:05.424Z] Checked if tokens are valid: true, expires at: 1778126768003
[debug] [2026-05-07T03:24:05.424Z] >>> [apiv2][query] GET https://cloudfunctions.googleapis.com/v2/projects/my-trip-pro/locations/us-central1/operations/operation-1778124238116-65131cf9457e4-54ec039a-d4e04608 [none]
[debug] [2026-05-07T03:24:06.468Z] <<< [apiv2][status] GET https://cloudfunctions.googleapis.com/v2/projects/my-trip-pro/locations/us-central1/operations/operation-1778124238116-65131cf9457e4-54ec039a-d4e04608 200
[debug] [2026-05-07T03:24:06.468Z] <<< [apiv2][body] GET https://cloudfunctions.googleapis.com/v2/projects/my-trip-pro/locations/us-central1/operations/operation-1778124238116-65131cf9457e4-54ec039a-d4e04608 {"name":"projects/my-trip-pro/locations/us-central1/operations/operation-1778124238116-65131cf9457e4-54ec039a-d4e04608","metadata":{"@type":"type.googleapis.com/google.cloud.functions.v2.OperationMetadata","createTime":"2026-05-07T03:23:58.853814504Z","target":"projects/my-trip-pro/locations/us-central1/functions/sendDailyDDayPush","verb":"update","cancelRequested":false,"apiVersion":"v2","requestResource":{"@type":"type.googleapis.com/google.cloud.functions.v2.Function","name":"projects/my-trip-pro/locations/us-central1/functions/sendDailyDDayPush","buildConfig":{"runtime":"nodejs24","entryPoint":"sendDailyDDayPush","source":{"storageSource":{"bucket":"gcf-v2-sources-817442711390-us-central1","object":"sendDailyDDayPush/function-source.zip","generation":"1778124238807903"}},"environmentVariables":{"GOOGLE_NODE_RUN_SCRIPTS":""},"dockerRepository":"projects/my-trip-pro/locations/us-central1/repositories/gcf-artifacts","sourceProvenance":{"resolvedStorageSource":{"bucket":"gcf-v2-sources-817442711390-us-central1","object":"sendDailyDDayPush/function-source.zip","generation":"1778123228281690"}},"dockerRegistry":"ARTIFACT_REGISTRY","serviceAccount":"projects/my-trip-pro/serviceAccounts/817442711390-compute@developer.gserviceaccount.com","automaticUpdatePolicy":{}},"serviceConfig":{"service":"projects/my-trip-pro/locations/us-central1/services/senddailyddaypush","timeoutSeconds":60,"environmentVariables":{"FIREBASE_CONFIG":"{\"projectId\":\"my-trip-pro\",\"storageBucket\":\"my-trip-pro.firebasestorage.app\"}","GCLOUD_PROJECT":"my-trip-pro","EVENTARC_CLOUD_EVENT_SOURCE":"projects/my-trip-pro/locations/us-central1/services/sendDailyDDayPush","FUNCTION_TARGET":"sendDailyDDayPush","LOG_EXECUTION_ID":"true"},"maxInstanceCount":10,"ingressSettings":"ALLOW_ALL","uri":"https://senddailyddaypush-akomrfmywa-uc.a.run.app","serviceAccountEmail":"817442711390-compute@developer.gserviceaccount.com","availableMemory":"256Mi","allTrafficOnLatestRevision":true,"revision":"senddailyddaypush-00001-bib","maxInstanceRequestConcurrency":80,"availableCpu":"1"},"state":"ACTIVE","labels":{"deployment-tool":"cli-firebase","deployment-scheduled":"true","firebase-functions-hash":"fa204af196e62b58644940bced8cc6801ccae7be"},"environment":"GEN_2","url":"https://us-central1-my-trip-pro.cloudfunctions.net/sendDailyDDayPush","satisfiesPzi":true},"stages":[{"name":"BUILD","message":"Build in progress","state":"IN_PROGRESS","resource":"projects/817442711390/locations/us-central1/builds/441da50f-be3f-4f34-bbb7-b7801a70ddd5","resourceUri":"https://console.cloud.google.com/cloud-build/builds;region=us-central1/441da50f-be3f-4f34-bbb7-b7801a70ddd5?project=817442711390"},{"name":"SERVICE","state":"NOT_STARTED"}],"operationType":"UPDATE_FUNCTION","buildName":"projects/817442711390/locations/us-central1/builds/441da50f-be3f-4f34-bbb7-b7801a70ddd5"},"done":false}
[debug] [2026-05-07T03:24:10.483Z] [update-default-us-central1-sendDailyDDayPush] Retrying task index 0
[debug] [2026-05-07T03:24:10.484Z] Checked if tokens are valid: true, expires at: 1778126768003
[debug] [2026-05-07T03:24:10.484Z] Checked if tokens are valid: true, expires at: 1778126768003
[debug] [2026-05-07T03:24:10.484Z] >>> [apiv2][query] GET https://cloudfunctions.googleapis.com/v2/projects/my-trip-pro/locations/us-central1/operations/operation-1778124238116-65131cf9457e4-54ec039a-d4e04608 [none]
[debug] [2026-05-07T03:24:10.928Z] <<< [apiv2][status] GET https://cloudfunctions.googleapis.com/v2/projects/my-trip-pro/locations/us-central1/operations/operation-1778124238116-65131cf9457e4-54ec039a-d4e04608 200
[debug] [2026-05-07T03:24:10.928Z] <<< [apiv2][body] GET https://cloudfunctions.googleapis.com/v2/projects/my-trip-pro/locations/us-central1/operations/operation-1778124238116-65131cf9457e4-54ec039a-d4e04608 {"name":"projects/my-trip-pro/locations/us-central1/operations/operation-1778124238116-65131cf9457e4-54ec039a-d4e04608","metadata":{"@type":"type.googleapis.com/google.cloud.functions.v2.OperationMetadata","createTime":"2026-05-07T03:23:58.853814504Z","target":"projects/my-trip-pro/locations/us-central1/functions/sendDailyDDayPush","verb":"update","cancelRequested":false,"apiVersion":"v2","requestResource":{"@type":"type.googleapis.com/google.cloud.functions.v2.Function","name":"projects/my-trip-pro/locations/us-central1/functions/sendDailyDDayPush","buildConfig":{"runtime":"nodejs24","entryPoint":"sendDailyDDayPush","source":{"storageSource":{"bucket":"gcf-v2-sources-817442711390-us-central1","object":"sendDailyDDayPush/function-source.zip","generation":"1778124238807903"}},"environmentVariables":{"GOOGLE_NODE_RUN_SCRIPTS":""},"dockerRepository":"projects/my-trip-pro/locations/us-central1/repositories/gcf-artifacts","sourceProvenance":{"resolvedStorageSource":{"bucket":"gcf-v2-sources-817442711390-us-central1","object":"sendDailyDDayPush/function-source.zip","generation":"1778123228281690"}},"dockerRegistry":"ARTIFACT_REGISTRY","serviceAccount":"projects/my-trip-pro/serviceAccounts/817442711390-compute@developer.gserviceaccount.com","automaticUpdatePolicy":{}},"serviceConfig":{"service":"projects/my-trip-pro/locations/us-central1/services/senddailyddaypush","timeoutSeconds":60,"environmentVariables":{"FIREBASE_CONFIG":"{\"projectId\":\"my-trip-pro\",\"storageBucket\":\"my-trip-pro.firebasestorage.app\"}","GCLOUD_PROJECT":"my-trip-pro","EVENTARC_CLOUD_EVENT_SOURCE":"projects/my-trip-pro/locations/us-central1/services/sendDailyDDayPush","FUNCTION_TARGET":"sendDailyDDayPush","LOG_EXECUTION_ID":"true"},"maxInstanceCount":10,"ingressSettings":"ALLOW_ALL","uri":"https://senddailyddaypush-akomrfmywa-uc.a.run.app","serviceAccountEmail":"817442711390-compute@developer.gserviceaccount.com","availableMemory":"256Mi","allTrafficOnLatestRevision":true,"revision":"senddailyddaypush-00001-bib","maxInstanceRequestConcurrency":80,"availableCpu":"1"},"state":"ACTIVE","labels":{"deployment-tool":"cli-firebase","deployment-scheduled":"true","firebase-functions-hash":"fa204af196e62b58644940bced8cc6801ccae7be"},"environment":"GEN_2","url":"https://us-central1-my-trip-pro.cloudfunctions.net/sendDailyDDayPush","satisfiesPzi":true},"stages":[{"name":"BUILD","message":"Build in progress","state":"IN_PROGRESS","resource":"projects/817442711390/locations/us-central1/builds/441da50f-be3f-4f34-bbb7-b7801a70ddd5","resourceUri":"https://console.cloud.google.com/cloud-build/builds;region=us-central1/441da50f-be3f-4f34-bbb7-b7801a70ddd5?project=817442711390"},{"name":"SERVICE","state":"NOT_STARTED"}],"operationType":"UPDATE_FUNCTION","buildName":"projects/817442711390/locations/us-central1/builds/441da50f-be3f-4f34-bbb7-b7801a70ddd5"},"done":false}
[debug] [2026-05-07T03:24:18.929Z] [update-default-us-central1-sendDailyDDayPush] Retrying task index 0
[debug] [2026-05-07T03:24:18.930Z] Checked if tokens are valid: true, expires at: 1778126768003
[debug] [2026-05-07T03:24:18.930Z] Checked if tokens are valid: true, expires at: 1778126768003
[debug] [2026-05-07T03:24:18.930Z] >>> [apiv2][query] GET https://cloudfunctions.googleapis.com/v2/projects/my-trip-pro/locations/us-central1/operations/operation-1778124238116-65131cf9457e4-54ec039a-d4e04608 [none]
[debug] [2026-05-07T03:24:20.017Z] <<< [apiv2][status] GET https://cloudfunctions.googleapis.com/v2/projects/my-trip-pro/locations/us-central1/operations/operation-1778124238116-65131cf9457e4-54ec039a-d4e04608 200
[debug] [2026-05-07T03:24:20.017Z] <<< [apiv2][body] GET https://cloudfunctions.googleapis.com/v2/projects/my-trip-pro/locations/us-central1/operations/operation-1778124238116-65131cf9457e4-54ec039a-d4e04608 {"name":"projects/my-trip-pro/locations/us-central1/operations/operation-1778124238116-65131cf9457e4-54ec039a-d4e04608","metadata":{"@type":"type.googleapis.com/google.cloud.functions.v2.OperationMetadata","createTime":"2026-05-07T03:23:58.853814504Z","target":"projects/my-trip-pro/locations/us-central1/functions/sendDailyDDayPush","verb":"update","cancelRequested":false,"apiVersion":"v2","requestResource":{"@type":"type.googleapis.com/google.cloud.functions.v2.Function","name":"projects/my-trip-pro/locations/us-central1/functions/sendDailyDDayPush","buildConfig":{"runtime":"nodejs24","entryPoint":"sendDailyDDayPush","source":{"storageSource":{"bucket":"gcf-v2-sources-817442711390-us-central1","object":"sendDailyDDayPush/function-source.zip","generation":"1778124238807903"}},"environmentVariables":{"GOOGLE_NODE_RUN_SCRIPTS":""},"dockerRepository":"projects/my-trip-pro/locations/us-central1/repositories/gcf-artifacts","sourceProvenance":{"resolvedStorageSource":{"bucket":"gcf-v2-sources-817442711390-us-central1","object":"sendDailyDDayPush/function-source.zip","generation":"1778123228281690"}},"dockerRegistry":"ARTIFACT_REGISTRY","serviceAccount":"projects/my-trip-pro/serviceAccounts/817442711390-compute@developer.gserviceaccount.com","automaticUpdatePolicy":{}},"serviceConfig":{"service":"projects/my-trip-pro/locations/us-central1/services/senddailyddaypush","timeoutSeconds":60,"environmentVariables":{"FIREBASE_CONFIG":"{\"projectId\":\"my-trip-pro\",\"storageBucket\":\"my-trip-pro.firebasestorage.app\"}","GCLOUD_PROJECT":"my-trip-pro","EVENTARC_CLOUD_EVENT_SOURCE":"projects/my-trip-pro/locations/us-central1/services/sendDailyDDayPush","FUNCTION_TARGET":"sendDailyDDayPush","LOG_EXECUTION_ID":"true"},"maxInstanceCount":10,"ingressSettings":"ALLOW_ALL","uri":"https://senddailyddaypush-akomrfmywa-uc.a.run.app","serviceAccountEmail":"817442711390-compute@developer.gserviceaccount.com","availableMemory":"256Mi","allTrafficOnLatestRevision":true,"revision":"senddailyddaypush-00001-bib","maxInstanceRequestConcurrency":80,"availableCpu":"1"},"state":"ACTIVE","labels":{"deployment-tool":"cli-firebase","deployment-scheduled":"true","firebase-functions-hash":"fa204af196e62b58644940bced8cc6801ccae7be"},"environment":"GEN_2","url":"https://us-central1-my-trip-pro.cloudfunctions.net/sendDailyDDayPush","satisfiesPzi":true},"stages":[{"name":"BUILD","message":"Build in progress","state":"IN_PROGRESS","resource":"projects/817442711390/locations/us-central1/builds/441da50f-be3f-4f34-bbb7-b7801a70ddd5","resourceUri":"https://console.cloud.google.com/cloud-build/builds;region=us-central1/441da50f-be3f-4f34-bbb7-b7801a70ddd5?project=817442711390"},{"name":"SERVICE","state":"NOT_STARTED"}],"operationType":"UPDATE_FUNCTION","buildName":"projects/817442711390/locations/us-central1/builds/441da50f-be3f-4f34-bbb7-b7801a70ddd5"},"done":false}
[debug] [2026-05-07T03:24:30.020Z] [update-default-us-central1-sendDailyDDayPush] Retrying task index 0
[debug] [2026-05-07T03:24:30.021Z] Checked if tokens are valid: true, expires at: 1778126768003
[debug] [2026-05-07T03:24:30.021Z] Checked if tokens are valid: true, expires at: 1778126768003
[debug] [2026-05-07T03:24:30.022Z] >>> [apiv2][query] GET https://cloudfunctions.googleapis.com/v2/projects/my-trip-pro/locations/us-central1/operations/operation-1778124238116-65131cf9457e4-54ec039a-d4e04608 [none]
[debug] [2026-05-07T03:24:31.080Z] <<< [apiv2][status] GET https://cloudfunctions.googleapis.com/v2/projects/my-trip-pro/locations/us-central1/operations/operation-1778124238116-65131cf9457e4-54ec039a-d4e04608 200
[debug] [2026-05-07T03:24:31.080Z] <<< [apiv2][body] GET https://cloudfunctions.googleapis.com/v2/projects/my-trip-pro/locations/us-central1/operations/operation-1778124238116-65131cf9457e4-54ec039a-d4e04608 {"name":"projects/my-trip-pro/locations/us-central1/operations/operation-1778124238116-65131cf9457e4-54ec039a-d4e04608","metadata":{"@type":"type.googleapis.com/google.cloud.functions.v2.OperationMetadata","createTime":"2026-05-07T03:23:58.853814504Z","target":"projects/my-trip-pro/locations/us-central1/functions/sendDailyDDayPush","verb":"update","cancelRequested":false,"apiVersion":"v2","requestResource":{"@type":"type.googleapis.com/google.cloud.functions.v2.Function","name":"projects/my-trip-pro/locations/us-central1/functions/sendDailyDDayPush","buildConfig":{"runtime":"nodejs24","entryPoint":"sendDailyDDayPush","source":{"storageSource":{"bucket":"gcf-v2-sources-817442711390-us-central1","object":"sendDailyDDayPush/function-source.zip","generation":"1778124238807903"}},"environmentVariables":{"GOOGLE_NODE_RUN_SCRIPTS":""},"dockerRepository":"projects/my-trip-pro/locations/us-central1/repositories/gcf-artifacts","sourceProvenance":{"resolvedStorageSource":{"bucket":"gcf-v2-sources-817442711390-us-central1","object":"sendDailyDDayPush/function-source.zip","generation":"1778123228281690"}},"dockerRegistry":"ARTIFACT_REGISTRY","serviceAccount":"projects/my-trip-pro/serviceAccounts/817442711390-compute@developer.gserviceaccount.com","automaticUpdatePolicy":{}},"serviceConfig":{"service":"projects/my-trip-pro/locations/us-central1/services/senddailyddaypush","timeoutSeconds":60,"environmentVariables":{"FIREBASE_CONFIG":"{\"projectId\":\"my-trip-pro\",\"storageBucket\":\"my-trip-pro.firebasestorage.app\"}","GCLOUD_PROJECT":"my-trip-pro","EVENTARC_CLOUD_EVENT_SOURCE":"projects/my-trip-pro/locations/us-central1/services/sendDailyDDayPush","FUNCTION_TARGET":"sendDailyDDayPush","LOG_EXECUTION_ID":"true"},"maxInstanceCount":10,"ingressSettings":"ALLOW_ALL","uri":"https://senddailyddaypush-akomrfmywa-uc.a.run.app","serviceAccountEmail":"817442711390-compute@developer.gserviceaccount.com","availableMemory":"256Mi","allTrafficOnLatestRevision":true,"revision":"senddailyddaypush-00001-bib","maxInstanceRequestConcurrency":80,"availableCpu":"1"},"state":"ACTIVE","labels":{"deployment-tool":"cli-firebase","deployment-scheduled":"true","firebase-functions-hash":"fa204af196e62b58644940bced8cc6801ccae7be"},"environment":"GEN_2","url":"https://us-central1-my-trip-pro.cloudfunctions.net/sendDailyDDayPush","satisfiesPzi":true},"stages":[{"name":"BUILD","message":"Build in progress","state":"IN_PROGRESS","resource":"projects/817442711390/locations/us-central1/builds/441da50f-be3f-4f34-bbb7-b7801a70ddd5","resourceUri":"https://console.cloud.google.com/cloud-build/builds;region=us-central1/441da50f-be3f-4f34-bbb7-b7801a70ddd5?project=817442711390"},{"name":"SERVICE","state":"NOT_STARTED"}],"operationType":"UPDATE_FUNCTION","buildName":"projects/817442711390/locations/us-central1/builds/441da50f-be3f-4f34-bbb7-b7801a70ddd5"},"done":false}
[debug] [2026-05-07T03:24:41.097Z] [update-default-us-central1-sendDailyDDayPush] Retrying task index 0
[debug] [2026-05-07T03:24:41.097Z] Checked if tokens are valid: true, expires at: 1778126768003
[debug] [2026-05-07T03:24:41.097Z] Checked if tokens are valid: true, expires at: 1778126768003
[debug] [2026-05-07T03:24:41.098Z] >>> [apiv2][query] GET https://cloudfunctions.googleapis.com/v2/projects/my-trip-pro/locations/us-central1/operations/operation-1778124238116-65131cf9457e4-54ec039a-d4e04608 [none]
[debug] [2026-05-07T03:24:42.272Z] <<< [apiv2][status] GET https://cloudfunctions.googleapis.com/v2/projects/my-trip-pro/locations/us-central1/operations/operation-1778124238116-65131cf9457e4-54ec039a-d4e04608 200
[debug] [2026-05-07T03:24:42.273Z] <<< [apiv2][body] GET https://cloudfunctions.googleapis.com/v2/projects/my-trip-pro/locations/us-central1/operations/operation-1778124238116-65131cf9457e4-54ec039a-d4e04608 {"name":"projects/my-trip-pro/locations/us-central1/operations/operation-1778124238116-65131cf9457e4-54ec039a-d4e04608","metadata":{"@type":"type.googleapis.com/google.cloud.functions.v2.OperationMetadata","createTime":"2026-05-07T03:23:58.853814504Z","target":"projects/my-trip-pro/locations/us-central1/functions/sendDailyDDayPush","verb":"update","cancelRequested":false,"apiVersion":"v2","requestResource":{"@type":"type.googleapis.com/google.cloud.functions.v2.Function","name":"projects/my-trip-pro/locations/us-central1/functions/sendDailyDDayPush","buildConfig":{"runtime":"nodejs24","entryPoint":"sendDailyDDayPush","source":{"storageSource":{"bucket":"gcf-v2-sources-817442711390-us-central1","object":"sendDailyDDayPush/function-source.zip","generation":"1778124238807903"}},"environmentVariables":{"GOOGLE_NODE_RUN_SCRIPTS":""},"dockerRepository":"projects/my-trip-pro/locations/us-central1/repositories/gcf-artifacts","sourceProvenance":{"resolvedStorageSource":{"bucket":"gcf-v2-sources-817442711390-us-central1","object":"sendDailyDDayPush/function-source.zip","generation":"1778123228281690"}},"dockerRegistry":"ARTIFACT_REGISTRY","serviceAccount":"projects/my-trip-pro/serviceAccounts/817442711390-compute@developer.gserviceaccount.com","automaticUpdatePolicy":{}},"serviceConfig":{"service":"projects/my-trip-pro/locations/us-central1/services/senddailyddaypush","timeoutSeconds":60,"environmentVariables":{"FIREBASE_CONFIG":"{\"projectId\":\"my-trip-pro\",\"storageBucket\":\"my-trip-pro.firebasestorage.app\"}","GCLOUD_PROJECT":"my-trip-pro","EVENTARC_CLOUD_EVENT_SOURCE":"projects/my-trip-pro/locations/us-central1/services/sendDailyDDayPush","FUNCTION_TARGET":"sendDailyDDayPush","LOG_EXECUTION_ID":"true"},"maxInstanceCount":10,"ingressSettings":"ALLOW_ALL","uri":"https://senddailyddaypush-akomrfmywa-uc.a.run.app","serviceAccountEmail":"817442711390-compute@developer.gserviceaccount.com","availableMemory":"256Mi","allTrafficOnLatestRevision":true,"revision":"senddailyddaypush-00001-bib","maxInstanceRequestConcurrency":80,"availableCpu":"1"},"state":"ACTIVE","labels":{"deployment-tool":"cli-firebase","deployment-scheduled":"true","firebase-functions-hash":"fa204af196e62b58644940bced8cc6801ccae7be"},"environment":"GEN_2","url":"https://us-central1-my-trip-pro.cloudfunctions.net/sendDailyDDayPush","satisfiesPzi":true},"stages":[{"name":"BUILD","message":"Build in progress","state":"IN_PROGRESS","resource":"projects/817442711390/locations/us-central1/builds/441da50f-be3f-4f34-bbb7-b7801a70ddd5","resourceUri":"https://console.cloud.google.com/cloud-build/builds;region=us-central1/441da50f-be3f-4f34-bbb7-b7801a70ddd5?project=817442711390"},{"name":"SERVICE","state":"NOT_STARTED"}],"operationType":"UPDATE_FUNCTION","buildName":"projects/817442711390/locations/us-central1/builds/441da50f-be3f-4f34-bbb7-b7801a70ddd5"},"done":false}
[debug] [2026-05-07T03:24:52.273Z] [update-default-us-central1-sendDailyDDayPush] Retrying task index 0
[debug] [2026-05-07T03:24:52.274Z] Checked if tokens are valid: true, expires at: 1778126768003
[debug] [2026-05-07T03:24:52.274Z] Checked if tokens are valid: true, expires at: 1778126768003
[debug] [2026-05-07T03:24:52.274Z] >>> [apiv2][query] GET https://cloudfunctions.googleapis.com/v2/projects/my-trip-pro/locations/us-central1/operations/operation-1778124238116-65131cf9457e4-54ec039a-d4e04608 [none]
[debug] [2026-05-07T03:24:53.381Z] <<< [apiv2][status] GET https://cloudfunctions.googleapis.com/v2/projects/my-trip-pro/locations/us-central1/operations/operation-1778124238116-65131cf9457e4-54ec039a-d4e04608 200
[debug] [2026-05-07T03:24:53.381Z] <<< [apiv2][body] GET https://cloudfunctions.googleapis.com/v2/projects/my-trip-pro/locations/us-central1/operations/operation-1778124238116-65131cf9457e4-54ec039a-d4e04608 {"name":"projects/my-trip-pro/locations/us-central1/operations/operation-1778124238116-65131cf9457e4-54ec039a-d4e04608","metadata":{"@type":"type.googleapis.com/google.cloud.functions.v2.OperationMetadata","createTime":"2026-05-07T03:23:58.853814504Z","target":"projects/my-trip-pro/locations/us-central1/functions/sendDailyDDayPush","verb":"update","cancelRequested":false,"apiVersion":"v2","requestResource":{"@type":"type.googleapis.com/google.cloud.functions.v2.Function","name":"projects/my-trip-pro/locations/us-central1/functions/sendDailyDDayPush","buildConfig":{"runtime":"nodejs24","entryPoint":"sendDailyDDayPush","source":{"storageSource":{"bucket":"gcf-v2-sources-817442711390-us-central1","object":"sendDailyDDayPush/function-source.zip","generation":"1778124238807903"}},"environmentVariables":{"GOOGLE_NODE_RUN_SCRIPTS":""},"dockerRepository":"projects/my-trip-pro/locations/us-central1/repositories/gcf-artifacts","sourceProvenance":{"resolvedStorageSource":{"bucket":"gcf-v2-sources-817442711390-us-central1","object":"sendDailyDDayPush/function-source.zip","generation":"1778123228281690"}},"dockerRegistry":"ARTIFACT_REGISTRY","serviceAccount":"projects/my-trip-pro/serviceAccounts/817442711390-compute@developer.gserviceaccount.com","automaticUpdatePolicy":{}},"serviceConfig":{"service":"projects/my-trip-pro/locations/us-central1/services/senddailyddaypush","timeoutSeconds":60,"environmentVariables":{"FIREBASE_CONFIG":"{\"projectId\":\"my-trip-pro\",\"storageBucket\":\"my-trip-pro.firebasestorage.app\"}","GCLOUD_PROJECT":"my-trip-pro","EVENTARC_CLOUD_EVENT_SOURCE":"projects/my-trip-pro/locations/us-central1/services/sendDailyDDayPush","FUNCTION_TARGET":"sendDailyDDayPush","LOG_EXECUTION_ID":"true"},"maxInstanceCount":10,"ingressSettings":"ALLOW_ALL","uri":"https://senddailyddaypush-akomrfmywa-uc.a.run.app","serviceAccountEmail":"817442711390-compute@developer.gserviceaccount.com","availableMemory":"256Mi","allTrafficOnLatestRevision":true,"revision":"senddailyddaypush-00001-bib","maxInstanceRequestConcurrency":80,"availableCpu":"1"},"state":"ACTIVE","labels":{"deployment-tool":"cli-firebase","deployment-scheduled":"true","firebase-functions-hash":"fa204af196e62b58644940bced8cc6801ccae7be"},"environment":"GEN_2","url":"https://us-central1-my-trip-pro.cloudfunctions.net/sendDailyDDayPush","satisfiesPzi":true},"stages":[{"name":"BUILD","message":"Build in progress","state":"IN_PROGRESS","resource":"projects/817442711390/locations/us-central1/builds/441da50f-be3f-4f34-bbb7-b7801a70ddd5","resourceUri":"https://console.cloud.google.com/cloud-build/builds;region=us-central1/441da50f-be3f-4f34-bbb7-b7801a70ddd5?project=817442711390"},{"name":"SERVICE","state":"NOT_STARTED"}],"operationType":"UPDATE_FUNCTION","buildName":"projects/817442711390/locations/us-central1/builds/441da50f-be3f-4f34-bbb7-b7801a70ddd5"},"done":false}
[debug] [2026-05-07T03:25:03.391Z] [update-default-us-central1-sendDailyDDayPush] Retrying task index 0
[debug] [2026-05-07T03:25:03.391Z] Checked if tokens are valid: true, expires at: 1778126768003
[debug] [2026-05-07T03:25:03.391Z] Checked if tokens are valid: true, expires at: 1778126768003
[debug] [2026-05-07T03:25:03.391Z] >>> [apiv2][query] GET https://cloudfunctions.googleapis.com/v2/projects/my-trip-pro/locations/us-central1/operations/operation-1778124238116-65131cf9457e4-54ec039a-d4e04608 [none]
[debug] [2026-05-07T03:25:04.502Z] <<< [apiv2][status] GET https://cloudfunctions.googleapis.com/v2/projects/my-trip-pro/locations/us-central1/operations/operation-1778124238116-65131cf9457e4-54ec039a-d4e04608 200
[debug] [2026-05-07T03:25:04.502Z] <<< [apiv2][body] GET https://cloudfunctions.googleapis.com/v2/projects/my-trip-pro/locations/us-central1/operations/operation-1778124238116-65131cf9457e4-54ec039a-d4e04608 {"name":"projects/my-trip-pro/locations/us-central1/operations/operation-1778124238116-65131cf9457e4-54ec039a-d4e04608","metadata":{"@type":"type.googleapis.com/google.cloud.functions.v2.OperationMetadata","createTime":"2026-05-07T03:23:58.853814504Z","target":"projects/my-trip-pro/locations/us-central1/functions/sendDailyDDayPush","verb":"update","cancelRequested":false,"apiVersion":"v2","requestResource":{"@type":"type.googleapis.com/google.cloud.functions.v2.Function","name":"projects/my-trip-pro/locations/us-central1/functions/sendDailyDDayPush","buildConfig":{"runtime":"nodejs24","entryPoint":"sendDailyDDayPush","source":{"storageSource":{"bucket":"gcf-v2-sources-817442711390-us-central1","object":"sendDailyDDayPush/function-source.zip","generation":"1778124238807903"}},"environmentVariables":{"GOOGLE_NODE_RUN_SCRIPTS":""},"dockerRepository":"projects/my-trip-pro/locations/us-central1/repositories/gcf-artifacts","sourceProvenance":{"resolvedStorageSource":{"bucket":"gcf-v2-sources-817442711390-us-central1","object":"sendDailyDDayPush/function-source.zip","generation":"1778123228281690"}},"dockerRegistry":"ARTIFACT_REGISTRY","serviceAccount":"projects/my-trip-pro/serviceAccounts/817442711390-compute@developer.gserviceaccount.com","automaticUpdatePolicy":{}},"serviceConfig":{"service":"projects/my-trip-pro/locations/us-central1/services/senddailyddaypush","timeoutSeconds":60,"environmentVariables":{"FIREBASE_CONFIG":"{\"projectId\":\"my-trip-pro\",\"storageBucket\":\"my-trip-pro.firebasestorage.app\"}","GCLOUD_PROJECT":"my-trip-pro","EVENTARC_CLOUD_EVENT_SOURCE":"projects/my-trip-pro/locations/us-central1/services/sendDailyDDayPush","FUNCTION_TARGET":"sendDailyDDayPush","LOG_EXECUTION_ID":"true"},"maxInstanceCount":10,"ingressSettings":"ALLOW_ALL","uri":"https://senddailyddaypush-akomrfmywa-uc.a.run.app","serviceAccountEmail":"817442711390-compute@developer.gserviceaccount.com","availableMemory":"256Mi","allTrafficOnLatestRevision":true,"revision":"senddailyddaypush-00001-bib","maxInstanceRequestConcurrency":80,"availableCpu":"1"},"state":"ACTIVE","labels":{"deployment-tool":"cli-firebase","deployment-scheduled":"true","firebase-functions-hash":"fa204af196e62b58644940bced8cc6801ccae7be"},"environment":"GEN_2","url":"https://us-central1-my-trip-pro.cloudfunctions.net/sendDailyDDayPush","satisfiesPzi":true},"stages":[{"name":"BUILD","message":"Build finished","state":"COMPLETE","resource":"projects/817442711390/locations/us-central1/builds/441da50f-be3f-4f34-bbb7-b7801a70ddd5","resourceUri":"https://console.cloud.google.com/cloud-build/builds;region=us-central1/441da50f-be3f-4f34-bbb7-b7801a70ddd5?project=817442711390"},{"name":"SERVICE","message":"Updating Cloud Run service","state":"IN_PROGRESS","resource":"projects/my-trip-pro/locations/us-central1/services/senddailyddaypush","resourceUri":"https://console.cloud.google.com/run/detail/us-central1/senddailyddaypush?project=my-trip-pro","stateMessages":[{"severity":"INFO","type":"CloudRunServiceNewRevisionTrafficInfo","message":"A new revision will be deployed serving with 100% traffic."}]}],"sourceToken":"Cldwcm9qZWN0cy84MTc0NDI3MTEzOTAvbG9jYXRpb25zL3VzLWNlbnRyYWwxL2J1aWxkcy80NDFkYTUwZi1iZTNmLTRmMzQtYmJiNy1iNzgwMWE3MGRkZDUScXVzLWNlbnRyYWwxLWRvY2tlci5wa2cuZGV2L215LXRyaXAtcHJvL2djZi1hcnRpZmFjdHMvbXktLXRyaXAtLXByb19fdXMtLWNlbnRyYWwxX19zZW5kX2RhaWx5X2RfZGF5X3B1c2g6dmVyc2lvbl8xGN7Oh5vlFyJGcHJvamVjdHMvbXktdHJpcC1wcm8vbG9jYXRpb25zL3VzLWNlbnRyYWwxL2Z1bmN0aW9ucy9zZW5kRGFpbHlERGF5UHVzaCoMCI2M8M8GEIDB99kBMghub2RlanMyNDp2CiNnY3IuaW8vZ2FlLXJ1bnRpbWVzL25vZGVqczI0OnN0YWJsZRJPdXMtY2VudHJhbDEtZG9ja2VyLnBrZy5kZXYvc2VydmVybGVzcy1ydW50aW1lcy9nb29nbGUtMjQtZnVsbC9ydW50aW1lcy9ub2RlanMyNEAB","operationType":"UPDATE_FUNCTION","buildName":"projects/817442711390/locations/us-central1/builds/441da50f-be3f-4f34-bbb7-b7801a70ddd5"},"done":false}
[debug] [2026-05-07T03:25:04.502Z] Got source token Cldwcm9qZWN0cy84MTc0NDI3MTEzOTAvbG9jYXRpb25zL3VzLWNlbnRyYWwxL2J1aWxkcy80NDFkYTUwZi1iZTNmLTRmMzQtYmJiNy1iNzgwMWE3MGRkZDUScXVzLWNlbnRyYWwxLWRvY2tlci5wa2cuZGV2L215LXRyaXAtcHJvL2djZi1hcnRpZmFjdHMvbXktLXRyaXAtLXByb19fdXMtLWNlbnRyYWwxX19zZW5kX2RhaWx5X2RfZGF5X3B1c2g6dmVyc2lvbl8xGN7Oh5vlFyJGcHJvamVjdHMvbXktdHJpcC1wcm8vbG9jYXRpb25zL3VzLWNlbnRyYWwxL2Z1bmN0aW9ucy9zZW5kRGFpbHlERGF5UHVzaCoMCI2M8M8GEIDB99kBMghub2RlanMyNDp2CiNnY3IuaW8vZ2FlLXJ1bnRpbWVzL25vZGVqczI0OnN0YWJsZRJPdXMtY2VudHJhbDEtZG9ja2VyLnBrZy5kZXYvc2VydmVybGVzcy1ydW50aW1lcy9nb29nbGUtMjQtZnVsbC9ydW50aW1lcy9ub2RlanMyNEAB for region us-central1
[debug] [2026-05-07T03:25:14.506Z] [update-default-us-central1-sendDailyDDayPush] Retrying task index 0
[debug] [2026-05-07T03:25:14.506Z] Checked if tokens are valid: true, expires at: 1778126768003
[debug] [2026-05-07T03:25:14.506Z] Checked if tokens are valid: true, expires at: 1778126768003
[debug] [2026-05-07T03:25:14.506Z] >>> [apiv2][query] GET https://cloudfunctions.googleapis.com/v2/projects/my-trip-pro/locations/us-central1/operations/operation-1778124238116-65131cf9457e4-54ec039a-d4e04608 [none]
[debug] [2026-05-07T03:25:15.672Z] <<< [apiv2][status] GET https://cloudfunctions.googleapis.com/v2/projects/my-trip-pro/locations/us-central1/operations/operation-1778124238116-65131cf9457e4-54ec039a-d4e04608 200
[debug] [2026-05-07T03:25:15.672Z] <<< [apiv2][body] GET https://cloudfunctions.googleapis.com/v2/projects/my-trip-pro/locations/us-central1/operations/operation-1778124238116-65131cf9457e4-54ec039a-d4e04608 {"name":"projects/my-trip-pro/locations/us-central1/operations/operation-1778124238116-65131cf9457e4-54ec039a-d4e04608","metadata":{"@type":"type.googleapis.com/google.cloud.functions.v2.OperationMetadata","createTime":"2026-05-07T03:23:58.853814504Z","endTime":"2026-05-07T03:25:14.508799257Z","target":"projects/my-trip-pro/locations/us-central1/functions/sendDailyDDayPush","verb":"update","cancelRequested":false,"apiVersion":"v2","requestResource":{"@type":"type.googleapis.com/google.cloud.functions.v2.Function","name":"projects/my-trip-pro/locations/us-central1/functions/sendDailyDDayPush","buildConfig":{"runtime":"nodejs24","entryPoint":"sendDailyDDayPush","source":{"storageSource":{"bucket":"gcf-v2-sources-817442711390-us-central1","object":"sendDailyDDayPush/function-source.zip","generation":"1778124238807903"}},"environmentVariables":{"GOOGLE_NODE_RUN_SCRIPTS":""},"dockerRepository":"projects/my-trip-pro/locations/us-central1/repositories/gcf-artifacts","sourceProvenance":{"resolvedStorageSource":{"bucket":"gcf-v2-sources-817442711390-us-central1","object":"sendDailyDDayPush/function-source.zip","generation":"1778123228281690"}},"dockerRegistry":"ARTIFACT_REGISTRY","serviceAccount":"projects/my-trip-pro/serviceAccounts/817442711390-compute@developer.gserviceaccount.com","automaticUpdatePolicy":{}},"serviceConfig":{"service":"projects/my-trip-pro/locations/us-central1/services/senddailyddaypush","timeoutSeconds":60,"environmentVariables":{"FIREBASE_CONFIG":"{\"projectId\":\"my-trip-pro\",\"storageBucket\":\"my-trip-pro.firebasestorage.app\"}","GCLOUD_PROJECT":"my-trip-pro","EVENTARC_CLOUD_EVENT_SOURCE":"projects/my-trip-pro/locations/us-central1/services/sendDailyDDayPush","FUNCTION_TARGET":"sendDailyDDayPush","LOG_EXECUTION_ID":"true"},"maxInstanceCount":10,"ingressSettings":"ALLOW_ALL","uri":"https://senddailyddaypush-akomrfmywa-uc.a.run.app","serviceAccountEmail":"817442711390-compute@developer.gserviceaccount.com","availableMemory":"256Mi","allTrafficOnLatestRevision":true,"revision":"senddailyddaypush-00001-bib","maxInstanceRequestConcurrency":80,"availableCpu":"1"},"state":"ACTIVE","labels":{"deployment-tool":"cli-firebase","deployment-scheduled":"true","firebase-functions-hash":"fa204af196e62b58644940bced8cc6801ccae7be"},"environment":"GEN_2","url":"https://us-central1-my-trip-pro.cloudfunctions.net/sendDailyDDayPush","satisfiesPzi":true},"stages":[{"name":"SERVICE","state":"NOT_STARTED"}],"operationType":"UPDATE_FUNCTION"},"done":true,"error":{"code":3,"message":"Could not create or update Cloud Run service senddailyddaypush, Container Healthcheck failed. The user-provided container failed to start and listen on the port defined provided by the PORT=8080 environment variable within the allocated timeout. This can happen when the container port is misconfigured or if the timeout is too short. The health check timeout can be extended. Logs for this revision might contain more information.\n\nLogs URL: https://console.cloud.google.com/logs/viewer?project=my-trip-pro&resource=cloud_run_revision/service_name/senddailyddaypush/revision_name/senddailyddaypush-00002-sif&advancedFilter=resource.type%3D%22cloud_run_revision%22%0Aresource.labels.service_name%3D%22senddailyddaypush%22%0Aresource.labels.revision_name%3D%22senddailyddaypush-00002-sif%22 \nFor more troubleshooting guidance, see https://cloud.google.com/run/docs/troubleshooting#container-failed-to-start"}}
[debug] [2026-05-07T03:25:15.672Z] Got source token undefined for region us-central1
[error] Could not create or update Cloud Run service senddailyddaypush, Container Healthcheck failed. The user-provided container failed to start and listen on the port defined provided by the PORT=8080 environment variable within the allocated timeout. This can happen when the container port is misconfigured or if the timeout is too short. The health check timeout can be extended. Logs for this revision might contain more information.

Logs URL: https://console.cloud.google.com/logs/viewer?project=my-trip-pro&resource=cloud_run_revision/service_name/senddailyddaypush/revision_name/senddailyddaypush-00002-sif&advancedFilter=resource.type%3D%22cloud_run_revision%22%0Aresource.labels.service_name%3D%22senddailyddaypush%22%0Aresource.labels.revision_name%3D%22senddailyddaypush-00002-sif%22 
For more troubleshooting guidance, see https://cloud.google.com/run/docs/troubleshooting#container-failed-to-start
[debug] [2026-05-07T03:25:15.677Z] Total Function Deployment time: 78915
[debug] [2026-05-07T03:25:15.677Z] 1 Functions Deployed
[debug] [2026-05-07T03:25:15.677Z] 1 Functions Errored
[debug] [2026-05-07T03:25:15.677Z] 0 Function Deployments Aborted
[debug] [2026-05-07T03:25:15.677Z] Average Function Deployment time: 78914
[info] 
[info] Functions deploy had errors with the following functions:
	sendDailyDDayPush(us-central1)
[debug] [2026-05-07T03:25:15.901Z] Checked if tokens are valid: true, expires at: 1778126768003
[debug] [2026-05-07T03:25:15.901Z] Checked if tokens are valid: true, expires at: 1778126768003
[debug] [2026-05-07T03:25:15.901Z] >>> [apiv2][query] GET https://artifactregistry.googleapis.com/v1/projects/my-trip-pro/locations/us-central1/repositories/gcf-artifacts [none]
[debug] [2026-05-07T03:25:17.084Z] <<< [apiv2][status] GET https://artifactregistry.googleapis.com/v1/projects/my-trip-pro/locations/us-central1/repositories/gcf-artifacts 200
[debug] [2026-05-07T03:25:17.084Z] <<< [apiv2][body] GET https://artifactregistry.googleapis.com/v1/projects/my-trip-pro/locations/us-central1/repositories/gcf-artifacts {"name":"projects/my-trip-pro/locations/us-central1/repositories/gcf-artifacts","format":"DOCKER","description":"This repository is created and used by Cloud Functions for storing function docker images.","labels":{"goog-managed-by":"cloudfunctions"},"createTime":"2026-05-07T03:07:18.903115Z","updateTime":"2026-05-07T03:24:59.188881Z","mode":"STANDARD_REPOSITORY","cleanupPolicies":{"firebase-functions-cleanup":{"id":"firebase-functions-cleanup","action":"DELETE","condition":{"tagState":"ANY","olderThan":"86400s"}}},"sizeBytes":"231572143","vulnerabilityScanningConfig":{"lastEnableTime":"2026-05-07T03:07:08.847358204Z","enablementState":"SCANNING_DISABLED","enablementStateReason":"API containerscanning.googleapis.com is not enabled."},"satisfiesPzi":true,"registryUri":"us-central1-docker.pkg.dev/my-trip-pro/gcf-artifacts"}
[debug] [2026-05-07T03:25:17.084Z] Functions deploy failed.
[debug] [2026-05-07T03:25:17.084Z] {
  "endpoint": {
    "id": "sendDailyDDayPush",
    "project": "my-trip-pro",
    "region": "us-central1",
    "entryPoint": "sendDailyDDayPush",
    "platform": "gcfv2",
    "runtime": "nodejs24",
    "scheduleTrigger": {
      "schedule": "0 * * * *",
      "timeZone": null,
      "retryConfig": {
        "maxBackoffSeconds": null,
        "minBackoffSeconds": null,
        "maxRetrySeconds": null,
        "retryCount": null,
        "maxDoublings": null
      }
    },
    "labels": {
      "deployment-tool": "cli-firebase"
    },
    "serviceAccount": null,
    "ingressSettings": null,
    "availableMemoryMb": null,
    "timeoutSeconds": null,
    "maxInstances": 10,
    "minInstances": null,
    "concurrency": 80,
    "vpc": null,
    "environmentVariables": {
      "FIREBASE_CONFIG": "{\"projectId\":\"my-trip-pro\",\"storageBucket\":\"my-trip-pro.firebasestorage.app\"}",
      "GCLOUD_PROJECT": "my-trip-pro",
      "EVENTARC_CLOUD_EVENT_SOURCE": "projects/my-trip-pro/locations/us-central1/services/sendDailyDDayPush",
      "FUNCTION_TARGET": "sendDailyDDayPush",
      "LOG_EXECUTION_ID": "true"
    },
    "codebase": "default",
    "runServiceId": "senddailyddaypush",
    "cpu": 1,
    "securityLevel": "SECURE_ALWAYS",
    "targetedByOnly": false,
    "hash": "fa204af196e62b58644940bced8cc6801ccae7be"
  },
  "op": "update",
  "original": {
    "name": "FirebaseError",
    "children": [],
    "exit": 1,
    "message": "Could not create or update Cloud Run service senddailyddaypush, Container Healthcheck failed. The user-provided container failed to start and listen on the port defined provided by the PORT=8080 environment variable within the allocated timeout. This can happen when the container port is misconfigured or if the timeout is too short. The health check timeout can be extended. Logs for this revision might contain more information.\n\nLogs URL: https://console.cloud.google.com/logs/viewer?project=my-trip-pro&resource=cloud_run_revision/service_name/senddailyddaypush/revision_name/senddailyddaypush-00002-sif&advancedFilter=resource.type%3D%22cloud_run_revision%22%0Aresource.labels.service_name%3D%22senddailyddaypush%22%0Aresource.labels.revision_name%3D%22senddailyddaypush-00002-sif%22 \nFor more troubleshooting guidance, see https://cloud.google.com/run/docs/troubleshooting#container-failed-to-start",
    "original": {
      "code": 3,
      "message": "Could not create or update Cloud Run service senddailyddaypush, Container Healthcheck failed. The user-provided container failed to start and listen on the port defined provided by the PORT=8080 environment variable within the allocated timeout. This can happen when the container port is misconfigured or if the timeout is too short. The health check timeout can be extended. Logs for this revision might contain more information.\n\nLogs URL: https://console.cloud.google.com/logs/viewer?project=my-trip-pro&resource=cloud_run_revision/service_name/senddailyddaypush/revision_name/senddailyddaypush-00002-sif&advancedFilter=resource.type%3D%22cloud_run_revision%22%0Aresource.labels.service_name%3D%22senddailyddaypush%22%0Aresource.labels.revision_name%3D%22senddailyddaypush-00002-sif%22 \nFor more troubleshooting guidance, see https://cloud.google.com/run/docs/troubleshooting#container-failed-to-start"
    },
    "status": 3,
    "code": 3
  }
}
[debug] [2026-05-07T03:25:17.162Z] Error: Failed to update function sendDailyDDayPush in region us-central1
    at C:\Users\iwing\AppData\Roaming\npm\node_modules\firebase-tools\lib\deploy\functions\release\fabricator.js:440:19
    at process.processTicksAndRejections (node:internal/process/task_queues:103:5)
    at async Fabricator.updateV2Function (C:\Users\iwing\AppData\Roaming\npm\node_modules\firebase-tools\lib\deploy\functions\release\fabricator.js:424:32)
    at async Fabricator.updateEndpoint (C:\Users\iwing\AppData\Roaming\npm\node_modules\firebase-tools\lib\deploy\functions\release\fabricator.js:160:13)
    at async handle (C:\Users\iwing\AppData\Roaming\npm\node_modules\firebase-tools\lib\deploy\functions\release\fabricator.js:91:17)
[error] 
[error] Error: There was an error deploying functions
