
> mytrip-final@0.1.0 build
> next build --webpack

[baseline-browser-mapping] The data in this module is over two months old.  To ensure accurate Baseline data, please update: `npm i baseline-browser-mapping@latest -D`
   ??Next.js 16.0.7 (webpack)
   - Environments: .env.local

   Creating an optimized production build ...
 ??(pwa) Compiling for server...
 ??(pwa) Compiling for server...
 ??(pwa) Compiling for client (static)...
 ??(pwa) Service worker: C:\Users\iwing\.antigravity\mytrip-final\public\sw.js
 ??(pwa)   URL: /sw.js
 ??(pwa)   Scope: /
 ??Compiled successfully in 8.8s
   Running TypeScript ...
   Collecting page data using 7 workers ...
[baseline-browser-mapping] The data in this module is over two months old.  To ensure accurate Baseline data, please update: `npm i baseline-browser-mapping@latest -D`
   Generating static pages using 7 workers (0/1) ...
[baseline-browser-mapping] The data in this module is over two months old.  To ensure accurate Baseline data, please update: `npm i baseline-browser-mapping@latest -D`
 ??Generating static pages using 7 workers (1/1) in 761.3ms
   Finalizing page optimization ...
   Collecting build traces ...


Route (pages)
? ??/404

?? (Static)  prerendered as static content

